[2026-07-28T08:04:49.501085+00:00] Local AI worker connected to https://tmmail.ru.
Analyzing job 4287: Русланов Довлет
Job 4287: completed, importance=95.
[2026-07-28T08:05:27.209195+00:00] Local AI worker connected to https://tmmail.ru.
Analyzing job 4285: UNN: 2026F71849
Job 4285: completed, importance=95.
[2026-07-28T08:05:55.882620+00:00] Local AI worker connected to https://tmmail.ru.
Analyzing job 4289: Re: UNN: 2026F72029
Job 4289: completed, importance=95.
[2026-07-28T08:06:24.621597+00:00] Local AI worker connected to https://tmmail.ru.
Analyzing job 4284: Розыев Азиз
Job 4284: completed, importance=95.
[2026-07-28T08:06:53.644583+00:00] Local AI worker connected to https://tmmail.ru.
Analyzing job 4290: Рахманов Солтанбек
Job 4290: completed, importance=95.
[2026-07-28T08:07:21.186977+00:00] Local AI worker connected to https://tmmail.ru.
Analyzing job 4294: Re: Инструкция по вступительным онлайн-экзаменам 2026 русский язык 27.07.26
Job 4294: completed, importance=85.
[2026-07-28T08:07:47.676108+00:00] Local AI worker connected to https://tmmail.ru.
Analyzing job 4293: Мырадова Гулджан
Job 4293: completed, importance=95.
[2026-07-28T08:08:17.881794+00:00] Local AI worker connected to https://tmmail.ru.
Analyzing job 4288: Re: Экзамен
Job 4288: completed, importance=85.
[2026-07-28T08:08:45.310341+00:00] Local AI worker connected to https://tmmail.ru.
Analyzing job 4286: Курбанов Мейлис
Job 4286: completed, importance=95.
[2026-07-28T08:09:12.842401+00:00] Local AI worker connected to https://tmmail.ru.
Analyzing job 4260: Куллыева Майса
Job 4260: completed, importance=95.
[2026-07-28T08:09:39.801966+00:00] Local AI worker connected to https://tmmail.ru.
Analyzing job 4263: UNN: 2026F72029
Job 4263: completed, importance=95.
[2026-07-28T08:10:06.698913+00:00] Local AI worker connected to https://tmmail.ru.
Analyzing job 4267: UNN: 2026F71980
Job 4267: completed, importance=95.
[2026-07-28T08:10:33.687497+00:00] Local AI worker connected to https://tmmail.ru.
Analyzing job 4262: Дурдыев Давутджан
Job 4262: completed, importance=95.
[2026-07-28T08:11:00.060874+00:00] Local AI worker connected to https://tmmail.ru.
Analyzing job 4265: UNN: 2026F71931
Job 4265: completed, importance=95.
[2026-07-28T08:11:27.574400+00:00] Local AI worker connected to https://tmmail.ru.
Analyzing job 4268: Джумаева Огулджемал
Job 4268: completed, importance=95.
[2026-07-28T08:11:55.727350+00:00] Local AI worker connected to https://tmmail.ru.
Analyzing job 4278: Джумаев Шатлык
Job 4278: completed, importance=95.
[2026-07-28T08:12:23.386244+00:00] Local AI worker connected to https://tmmail.ru.
Analyzing job 4256: Джомартова Шадмангуль
Job 4256: completed, importance=95.
[2026-07-28T08:12:51.474401+00:00] Local AI worker connected to https://tmmail.ru.
Analyzing job 4255: Гурбангылыджов Омар
Job 4255: completed, importance=95.
[2026-07-28T08:13:27.730036+00:00] Local AI worker connected to https://tmmail.ru.
Analyzing job 4273: Университет Лобачевского
Job 4273: completed, importance=95.
[2026-07-28T08:13:56.242716+00:00] Local AI worker connected to https://tmmail.ru.
Analyzing job 4259: Без темы
Job 4259: completed, importance=95.
[2026-07-28T08:14:23.663381+00:00] Local AI worker connected to https://tmmail.ru.
Analyzing job 4279: С днём рождения!
Job 4279: completed, importance=0.
[2026-07-28T08:14:48.564927+00:00] Local AI worker connected to https://tmmail.ru.
Analyzing job 4274: Батырова Лейли
Job 4274: completed, importance=95.
[2026-07-28T08:15:15.645770+00:00] Local AI worker connected to https://tmmail.ru.
Analyzing job 4261: Базарова Дженнет
Job 4261: completed, importance=95.
[2026-07-28T08:15:43.965899+00:00] Local AI worker connected to https://tmmail.ru.
Analyzing job 4277: Подходящие вакансии для резюме: «Менеджер по продажам»
Job 4277: completed, importance=0.
[2026-07-28T08:16:10.452997+00:00] Local AI worker connected to https://tmmail.ru.
Analyzing job 4258: Бабаханова Махри
Job 4258: completed, importance=95.
[2026-07-28T08:16:46.290874+00:00] Local AI worker connected to https://tmmail.ru.
Analyzing job 4276: Без темы
Job 4276: completed, importance=95.
[2026-07-28T08:17:14.318956+00:00] Local AI worker connected to https://tmmail.ru.
Analyzing job 4254: Атамурадова Ширин
Job 4254: completed, importance=95.
[2026-07-28T08:17:40.853081+00:00] Local AI worker connected to https://tmmail.ru.
Analyzing job 4266: Атакаева Лачын
Job 4266: completed, importance=95.
[2026-07-28T08:18:07.492158+00:00] Local AI worker connected to https://tmmail.ru.
Analyzing job 4264: Атажанова Сарвиноз
Job 4264: completed, importance=95.
[2026-07-28T08:18:34.376483+00:00] Local AI worker connected to https://tmmail.ru.
Analyzing job 4271: Re: Инструкция по вступительным онлайн-экзаменам 2026 русский язык 27.07.26
Job 4271: completed, importance=85.
[2026-07-28T08:19:01.285924+00:00] Local AI worker connected to https://tmmail.ru.
Analyzing job 4253: Fwd: ННГУ: экзамен Русский язык для иностранных граждан
Job 4253: completed, importance=95.
[2026-07-28T08:19:37.837450+00:00] Local AI worker connected to https://tmmail.ru.
Analyzing job 4257: Университет Лобачевского
Job 4257: completed, importance=95.
[2026-07-28T08:20:03.630467+00:00] Local AI worker connected to https://tmmail.ru.
Analyzing job 4272: UNN: 2026F72949
Job 4272: completed, importance=80.
[2026-07-28T08:20:30.049135+00:00] Local AI worker connected to https://tmmail.ru.
Analyzing job 4275: Новый вход в ваш аккаунт Учебный портал
Job 4275: completed, importance=70.
[2026-07-28T08:20:55.888261+00:00] Local AI worker connected to https://tmmail.ru.
Analyzing job 4252: Fwd: ННГУ: экзамен Русский язык для иностранных граждан
Job 4252: completed, importance=95.
[2026-07-28T08:21:23.211341+00:00] Local AI worker connected to https://tmmail.ru.
Analyzing job 4270: Re: Инструкция по вступительным онлайн-экзаменам 2026 биология 28.07.26
Job 4270: completed, importance=95.
[2026-07-28T08:21:50.342240+00:00] Local AI worker connected to https://tmmail.ru.
Analyzing job 4269: Новый вход в ваш аккаунт Учебный портал
Job 4269: completed, importance=50.
[2026-07-28T08:22:16.899703+00:00] Local AI worker connected to https://tmmail.ru.
Analyzing job 4280: Важно! Подайте согласие на зачисление на бюджетную основу обучения в Московский Политех
Job 4280: completed, importance=95.
[2026-07-28T08:22:45.211113+00:00] Local AI worker connected to https://tmmail.ru.
Analyzing job 4292: День открытых дверей в ЮУрГУ
Job 4292: completed, importance=20.
[2026-07-28T08:23:15.074757+00:00] Local AI worker connected to https://tmmail.ru.
Analyzing job 3584: Поступление на платное в МАИ: получи 29 июля актуальную информацию о программах, зачислении и текуще
Job 3584: completed, importance=15.
[2026-07-28T08:28:15.356433+00:00] Local AI worker connected to https://tmmail.ru.
Analyzing job 3598: Активация учетной записи в Информационно-аналитической системе КФУ
Job 3598: completed, importance=90.
[2026-07-28T08:28:42.720522+00:00] Local AI worker connected to https://tmmail.ru.
Analyzing job 3599: Зачем ждать Half-life 3, когда можно сделать его самому? В Институте международного образования МПГУ
Job 3599: completed, importance=15.
[2026-07-28T08:29:09.747734+00:00] Local AI worker connected to https://tmmail.ru.
Analyzing job 3600: RE: МАГ 3823 / 26
Job 3600: completed, importance=95.
[2026-07-28T08:29:36.939107+00:00] Local AI worker connected to https://tmmail.ru.
Analyzing job 3601: Новые уведомления
Job 3601: completed, importance=85.
[2026-07-28T08:30:03.548997+00:00] Local AI worker connected to https://tmmail.ru.
Analyzing job 3602: Зачем ждать Half-life 3, когда можно сделать его самому? В Институте международного образования МПГУ
Job 3602: completed, importance=25.
[2026-07-28T08:30:30.091114+00:00] Local AI worker connected to https://tmmail.ru.
Analyzing job 3603: Conditional Acceptance | Beykent University
Job 3603: completed, importance=95.
[2026-07-28T08:30:58.035786+00:00] Local AI worker connected to https://tmmail.ru.
Analyzing job 3604: ННГУ: экзамен Русский язык для иностранных граждан
Job 3604: completed, importance=95.
[2026-07-28T08:31:23.652990+00:00] Local AI worker connected to https://tmmail.ru.
Analyzing job 3605: ННГУ: экзамен Русский язык для иностранных граждан
Job 3605: completed, importance=95.
[2026-07-28T08:31:49.799837+00:00] Local AI worker connected to https://tmmail.ru.
Analyzing job 3606: ННГУ: экзамен Русский язык для иностранных граждан
Job 3606: completed, importance=95.
[2026-07-28T08:32:15.601059+00:00] Local AI worker connected to https://tmmail.ru.
Analyzing job 3607: ННГУ: экзамен Русский язык для иностранных граждан
Job 3607: completed, importance=95.
[2026-07-28T08:32:41.110779+00:00] Local AI worker connected to https://tmmail.ru.
Analyzing job 3608: ННГУ: экзамен Иностранный язык (английский)
Job 3608: completed, importance=95.
[2026-07-28T08:33:07.762407+00:00] Local AI worker connected to https://tmmail.ru.
Analyzing job 3609: ННГУ: экзамен Русский язык для иностранных граждан
Job 3609: completed, importance=95.
[2026-07-28T08:33:34.095787+00:00] Local AI worker connected to https://tmmail.ru.
Analyzing job 3610: Test
Job 3610: completed, importance=0.
[2026-07-28T08:33:58.709818+00:00] Local AI worker connected to https://tmmail.ru.
Analyzing job 3611: Поступление в МПГУ (Язлыева Энеджан)
Job 3611: completed, importance=85.
[2026-07-28T08:34:23.573864+00:00] Local AI worker connected to https://tmmail.ru.
Analyzing job 3612: Поступление в МПГУ (Хыдырова Арзыгул)
Job 3612: completed, importance=85.
[2026-07-28T08:34:48.676550+00:00] Local AI worker connected to https://tmmail.ru.
Analyzing job 3613: Re: Новый паспорт
Job 3613: completed, importance=85.
[2026-07-28T08:35:17.416510+00:00] Local AI worker connected to https://tmmail.ru.
Analyzing job 3614: Поступление в МПГУ (АМАНГЕЛЬДЫЕВ ЁМУТБАЙ)
Job 3614: completed, importance=85.
[2026-07-28T08:35:42.475543+00:00] Local AI worker connected to https://tmmail.ru.
Analyzing job 3615: Новый вход в ваш аккаунт Учебный портал
Job 3615: completed, importance=50.
[2026-07-28T08:36:09.635537+00:00] Local AI worker connected to https://tmmail.ru.
Analyzing job 3616: Поступление в МПГУ (АМАНГЕЛЬДЫЕВ ШАТЛЫК)
Job 3616: completed, importance=85.
[2026-07-28T08:36:35.682922+00:00] Local AI worker connected to https://tmmail.ru.
Analyzing job 3617: Новый вход в ваш аккаунт Учебный портал
Job 3617: completed, importance=50.
[2026-07-28T08:37:02.175148+00:00] Local AI worker connected to https://tmmail.ru.
Analyzing job 3618: ПРОДЛЕНИЕ ВИЗЫ/ПРИГЛАШЕНИЕ ОТ КубГУ
Job 3618: completed, importance=90.
[2026-07-28T08:37:28.687754+00:00] Local AI worker connected to https://tmmail.ru.
Analyzing job 3619: Новый вход в ваш аккаунт Учебный портал
Job 3619: completed, importance=70.
[2026-07-28T08:37:56.136782+00:00] Local AI worker connected to https://tmmail.ru.
Analyzing job 3620: Permanent failure notice
Job 3620: completed, importance=0.
[2026-07-28T08:38:20.587591+00:00] Local AI worker connected to https://tmmail.ru.
Analyzing job 3621: ПРОДЛЕНИЕ ВИЗЫ/ПРИГЛАШЕНИЕ ОТ КубГУ
Job 3621: completed, importance=95.
[2026-07-28T08:38:48.913654+00:00] Local AI worker connected to https://tmmail.ru.
Analyzing job 3622: Re: Инструкция по вступительным онлайн-экзаменам 2026 русский язык 27.07.26
Job 3622: completed, importance=90.
[2026-07-28T08:39:14.867247+00:00] Local AI worker connected to https://tmmail.ru.
Analyzing job 3623: Новый вход в ваш аккаунт Учебный портал
Job 3623: completed, importance=60.
[2026-07-28T08:39:40.538352+00:00] Local AI worker connected to https://tmmail.ru.
Analyzing job 3624: Permanent failure notice
Job 3624: completed, importance=0.
[2026-07-28T08:40:04.272723+00:00] Local AI worker connected to https://tmmail.ru.
Analyzing job 3625: Портал КФУ. Заявление 9155.
Job 3625: completed, importance=85.
[2026-07-28T08:40:30.444349+00:00] Local AI worker connected to https://tmmail.ru.
Analyzing job 3626: Поступление на платное в МАИ: получи 29 июля актуальную информацию о программах, зачислении и текуще
Job 3626: completed, importance=35.
[2026-07-28T08:43:21.117700+00:00] Local AI worker connected to https://tmmail.ru.
Analyzing job 3627: Новый вход в ваш аккаунт Учебный портал
Job 3627: completed, importance=60.
[2026-07-28T08:43:47.513608+00:00] Local AI worker connected to https://tmmail.ru.
Analyzing job 3628: Новый вход в ваш аккаунт Учебный портал
Job 3628: completed, importance=40.
[2026-07-28T08:44:13.764663+00:00] Local AI worker connected to https://tmmail.ru.
Analyzing job 3629: Test message
Job 3629: completed, importance=0.
[2026-07-28T08:44:39.035794+00:00] Local AI worker connected to https://tmmail.ru.
Analyzing job 3630: ЭКЗАМЕН ПО РУССКОМУ ЯЗЫКУ. ОКОНЧАТЕЛЬНАЯ ИНФОРМАЦИЯ
Job 3630: completed, importance=85.
[2026-07-28T08:45:04.216450+00:00] Local AI worker connected to https://tmmail.ru.
Analyzing job 3631: Приглашаем на встречу по конкурсной ситуации в группе «Новые материалы и цифровые технологии».
Job 3631: completed, importance=25.
[2026-07-28T08:46:31.043785+00:00] Local AI worker connected to https://tmmail.ru.
Analyzing job 3632: ЭКЗАМЕН. НОВАЯ ИНФОРМАЦИЯ
Job 3632: completed, importance=95.
[2026-07-28T08:46:57.023847+00:00] Local AI worker connected to https://tmmail.ru.
Analyzing job 3633: Новый вход в ваш аккаунт Учебный портал
Job 3633: completed, importance=20.
[2026-07-28T08:47:25.558262+00:00] Local AI worker connected to https://tmmail.ru.
Analyzing job 3634: ЭКЗАМЕН ПО РУССКОМУ ЯЗЫКУ 
Job 3634: completed, importance=85.
[2026-07-28T08:47:50.363133+00:00] Local AI worker connected to https://tmmail.ru.
Analyzing job 3635: UNN: 2026F71984
Job 3635: completed, importance=90.
[2026-07-28T08:48:16.174818+00:00] Local AI worker connected to https://tmmail.ru.
Analyzing job 3636: UNN: 2026F70320
Job 3636: completed, importance=95.
[2026-07-28T08:48:41.680225+00:00] Local AI worker connected to https://tmmail.ru.
Analyzing job 3637: Re: Инструкция по вступительным онлайн-экзаменам 2026 русский язык 27.07.26
Job 3637: completed, importance=85.
[2026-07-28T08:49:07.386959+00:00] Local AI worker connected to https://tmmail.ru.
Analyzing job 3638: Re: Инструкция по вступительным онлайн-экзаменам 2026 русский язык 27.07.26
Job 3638: completed, importance=85.
[2026-07-28T08:49:33.545407+00:00] Local AI worker connected to https://tmmail.ru.
Analyzing job 3639: Re: Инструкция по вступительным онлайн-экзаменам 2026 русский язык 27.07.26
Job 3639: completed, importance=85.
[2026-07-28T08:49:59.105224+00:00] Local AI worker connected to https://tmmail.ru.
Analyzing job 3640: Re: Инструкция по вступительным онлайн-экзаменам 2026 русский язык 27.07.26
Job 3640: completed, importance=85.
2026-07-28T13:55:33.0795951+05:00 Worker timed out after 300 seconds; restarting.
[2026-07-28T08:50:26.042806+00:00] Local AI worker connected to https://tmmail.ru.
Analyzing job 3641: Re: Инструкция по вступительным онлайн-экзаменам 2026 русский язык 27.07.26
2026-07-28T14:00:49.4585808+05:00 Worker timed out after 300 seconds; restarting.
[2026-07-28T08:55:50.542845+00:00] Local AI worker connected to https://tmmail.ru.
Analyzing job 3642: Re: Инструкция по вступительным онлайн-экзаменам 2026 русский язык 27.07.26
[2026-07-28T09:18:37.193252+00:00] Local AI worker connected to https://tmmail.ru.
Analyzing job 3642: Re: Инструкция по вступительным онлайн-экзаменам 2026 русский язык 27.07.26
Job 3642: error_recorded, importance=-.
BILLING_CREDITS_DEPLETED
строка:5 знак:13
+             & $python $manage run_remote_ai_worker --once 2>&1
+             ~~~~~~~~~~~~~~~~~~~~~~~~~~~~~~~~~~~~~~~~~~~~~~~~~~
    + CategoryInfo          : NotSpecified: (BILLING_CREDITS_DEPLETED:String) [], RemoteException
    + FullyQualifiedErrorId : NativeCommandError
 
[2026-07-28T10:18:45.650408+00:00] Local AI worker connected to https://tmmail.ru.
Analyzing job 3641: Re: Инструкция по вступительным онлайн-экзаменам 2026 русский язык 27.07.26
Job 3641: error_recorded, importance=-.
BILLING_CREDITS_DEPLETED
строка:5 знак:13
+             & $python $manage run_remote_ai_worker --once 2>&1
+             ~~~~~~~~~~~~~~~~~~~~~~~~~~~~~~~~~~~~~~~~~~~~~~~~~~
    + CategoryInfo          : NotSpecified: (BILLING_CREDITS_DEPLETED:String) [], RemoteException
    + FullyQualifiedErrorId : NativeCommandError
 
